// Jest Snapshot v1, https://goo.gl/fbAQLP

exports[`Pruebas en el componente <GiftItem /> Debe hacer match con el snapshot 1`] = `
<div>
  <div
    class="card"
  >
    <img
      alt="Test FLeiva"
      src="https://media3.giphy.com/media/GRSnxyhJnPsaQy9YLn/giphy.gif?cid=fd687d8auic34croy17n9dqk9o4uzmb8k6ntrvmh9v0w57h0&ep=v1_gifs_search&rid=giphy.gif&ct=g"
    />
    <p>
      Test FLeiva
    </p>
  </div>
</div>
`;
